../Core/Src/main.c:87:6:USB_Print	16	static
../Core/Src/main.c:93:6:Init_RAW_Tracking	16	static
../Core/Src/main.c:102:6:Track_RAW_For_10s	32	static
../Core/Src/main.c:163:6:Compute_YJ0_RAW	40	static
../Core/Src/main.c:200:6:Compute_X_RAW	48	static
../Core/Src/main.c:230:6:Print_Y	8	static
../Core/Src/main.c:242:6:Print_X_Position	8	static
../Core/Src/main.c:259:5:main	8	static
../Core/Src/main.c:344:6:SystemClock_Config	88	static
../Core/Src/main.c:385:13:MX_ADC1_Init	24	static
../Core/Src/main.c:453:13:MX_TIM4_Init	32	static
../Core/Src/main.c:484:13:MX_DMA_Init	16	static
../Core/Src/main.c:497:13:MX_GPIO_Init	40	static
../Core/Src/main.c:521:6:Error_Handler	4	static,ignoring_inline_asm
