../Core/Src/main.c:137:5:main	8	static
../Core/Src/main.c:174:6:SystemClock_Config	72	static
../Core/Src/main.c:194:13:MX_GPIO_Init	40	static
../Core/Src/main.c:214:13:MX_TIM1_Init	96	static
../Core/Src/main.c:253:13:MX_TIM2_Init	56	static
../Core/Src/main.c:277:13:MX_TIM3_Init	56	static
../Core/Src/main.c:301:13:MX_TIM4_Init	32	static
../Core/Src/main.c:318:13:MX_USART2_UART_Init	8	static
../Core/Src/main.c:335:6:HAL_UARTEx_RxEventCallback	48	static
../Core/Src/main.c:389:6:HAL_TIM_PeriodElapsedCallback	48	static
../Core/Src/main.c:461:6:set_motor_A_speed	16	static
../Core/Src/main.c:479:6:set_motor_B_speed	16	static
../Core/Src/main.c:496:6:Error_Handler	8	static,ignoring_inline_asm
